12:12:45 **** Incremental Build of configuration Debug for project Button_Bluepill ****
make -j8 all 
arm-none-eabi-gcc "../Core/Src/main.c" -mcpu=cortex-m3 -std=gnu11 -g3 -DDEBUG -DUSE_HAL_DRIVER -DSTM32F103xB -c -I../Core/Inc -I../Drivers/STM32F1xx_HAL_Driver/Inc -I../Drivers/STM32F1xx_HAL_Driver/Inc/Legacy -I../Drivers/CMSIS/Device/ST/STM32F1xx/Include -I../Drivers/CMSIS/Include -O0 -ffunction-sections -fdata-sections -Wall -fstack-usage -MMD -MP -MF"Core/Src/main.d" -MT"Core/Src/main.o" --specs=nano.specs -mfloat-abi=soft -mthumb -o "Core/Src/main.o"
arm-none-eabi-gcc -o "Button_Bluepill.elf" @"objects.list"   -mcpu=cortex-m3 -T"E:\Work\Git\Github\longhoney\i2C_MTR_DRV_PROCESSING\Private\Long_BaoCaoCV_I2C_Motor_2\STM32CubeIDE_1.7.0\Button_Bluepill\STM32F103C8TX_FLASH.ld" --specs=nosys.specs -Wl,-Map="Button_Bluepill.map" -Wl,--gc-sections -static --specs=nano.specs -mfloat-abi=soft -mthumb -Wl,--start-group -lc -lm -Wl,--end-group
Finished building target: Button_Bluepill.elf
 
arm-none-eabi-size   Button_Bluepill.elf 
arm-none-eabi-objdump -h -S  Button_Bluepill.elf  > "Button_Bluepill.list"
arm-none-eabi-objcopy  -O binary  Button_Bluepill.elf  "Button_Bluepill.bin"
   text	   data	    bss	    dec	    hex	filename
   4616	     20	   1572	   6208	   1840	Button_Bluepill.elf
Finished building: default.size.stdout
 
Finished building: Button_Bluepill.bin
 
Finished building: Button_Bluepill.list
 

12:12:47 Build Finished. 0 errors, 0 warnings. (took 1s.384ms)

